=== Grab price ×1 APPLY (target=Shopee, no 15% cap) ===
Queue: 81
[1/81] skip_at_target: ชาลิ้นจี่ 30→30 (เป้า30)
[2/81] skip_at_target: (สมูทตี้) มันม่วง แก้วใหญ่ 22 ออนซ์ 65→65 (เป้า65)
[3/81] skip_at_target: ปังเนยกรอบอบไอน้ำ 25→25 (เป้า25)
[4/81] blocked_menu_ui: Ice Cream To-Go แก้วใหญ่ 16oz (แถมถุ 43→35 (เป้า35)
[5/81] blocked_menu_ui: กาแฟสด มอคค่า เย็น 16 ออนซ์ 58→50 (เป้า50)
[6/81] skip_at_target: 0% แคล ชาพีช 30→30 (เป้า30)
[7/81] blocked_menu_ui: 0% แคล โซดาแคนตาลูป 37→30 (เป้า30)
[8/81] blocked_menu_ui: 0% แคล โซดาลิ้นจี่ 37→30 (เป้า30)
[9/81] blocked_menu_ui: เสาวรสโซดา 37→30 (เป้า30)
[10/81] blocked_menu_ui: 0% แคล โซดาฟรุตพันช์ 37→30 (เป้า30)
[11/81] blocked_menu_ui: 0% แคล โซดาน้ำผึ้งมะนาว 37→30 (เป้า30)
[12/81] blocked_menu_ui: ชิโอปัง (Shio Pan) โฮมเมด ใหญ่ขึ้น 37→30 (เป้า30)
[13/81] reached_target: ชาแอปเปิ้ล 37→30 (เป้า30)
[14/81] blocked_menu_ui: ชาดำเย็น 37→30 (เป้า30)
[15/81] blocked_menu_ui: ชาเสาวรส 37→30 (เป้า30)
[16/81] reached_target: 0% แคล โซดาองุ่น 37→30 (เป้า30)
[17/81] blocked_menu_ui: 0% แคล โซดาน้ำผึ้ง 37→30 (เป้า30)
[18/81] blocked_menu_ui: สตรอว์เบอร์รีโซดา 37→30 (เป้า30)
[19/81] blocked_menu_ui: 0% แคล ชาลิ้นจี่ 37→30 (เป้า30)
[20/81] blocked_menu_ui: 0% แคล โซดาพีช 37→30 (เป้า30)
[21/81] blocked_menu_ui: ชาเขียวมะลิ 37→30 (เป้า30)
[22/81] blocked_menu_ui: ชาอู่หลงน้ำผึ้งมะนาว 43→40 (เป้า40)
[23/81] reached_target: นมสดเฮเซลนัท (เย็น/ปั่น) 58→55 (เป้า55)
[24/81] blocked_menu_ui: บุกบราวน์ชูการ์ 18→15 (เป้า15)
[25/81] reached_target: ไข่มุก 11→8 (เป้า8)
[26/81] reached_target: เฉาก๊วยหนึบเนื้อแน่น 18→15 (เป้า15)
[27/81] blocked_menu_ui: มะนาวโซดา 43→40 (เป้า40)
[28/81] blocked_menu_ui: ชาไทย (เย็น/ปั่น) 43→40 (เป้า40)
[29/81] blocked_menu_ui: โกโก้มิ้นต์ (เย็น/ปั่น) 58→55 (เป้า55)
[30/81] blocked_menu_ui: นมสดคาราเมล (เย็น/ปั่น) 58→55 (เป้า55)
[31/81] blocked_menu_ui: นมสดมิ้นต์ (เย็น/ปั่น) 58→55 (เป้า55)
[32/81] error: บุกน้ำตาล 18→15 (เป้า15)
[33/81] error: ชานมไข่มุก (เย็น/ปั่น) 43→40 (เป้า40)
527:554: execution error: Google Chrome got an error: Can’t get tab 2 of window 1. Invalid index. (-1719)
FAIL: 527:554: execution error: Google Chrome got an error: Can’t get tab 2 of window 1. Invalid index. (-1719)

