=== Grab name verify ×4 — 168 items ===
Chrome workers: 4 tabs @ window 1 → [2,6,7,8]
[1/168] ตรง: กาแฟสด บลูฮาวายเอสเปรสโซ่ เย็น 16 ออนซ์
[2/168] ตรง: กาแฟสด โอวัลตินเอสเปรสโซ่ร้อน
[3/168] ตรง: กาแฟสด เอสเปรสโซ่ไทยสไตล์ เย็น 16 ออนซ์
[4/168] ตรง: แดงมะนาวโซดา
[5/168] ตรง: สตรอเบอร์รี่ปั่น แก้วใหญ่ 22 ออนซ์
[6/168] ตรง: ช็อกโกแลตมิลค์ เย็น 16 ออนซ์
[7/168] ตรง: ชานมไข่มุกบราวน์ชูการ์ (เย็น/ปั่น)
[8/168] ตรง: น้ำเต้าหู้สูตรดั้งเดิม (เย็น/ปั่น)
[9/168] ตรง: ซอฟต์คุกกี้ โฮมเมด (เลือกได้)
[10/168] ตรง: กาแฟสด คาราเมลมัคคิอาโต้ เย็น 16 ออนซ์
[12/168] ตรง: โกโก้ลาวาช็อกขูด (เย็น/ปั่น)
[13/168] ตรง: เขียวมะนาวโซดา
[14/168] ตรง: ส้มปั่น แก้วใหญ่ 22 ออนซ์
[16/168] ตรง: ไมโล (เย็น/ปั่น)
[17/168] ตรง: กาแฟสด ไมโลกาแฟ เย็น 16 ออนซ์
[18/168] ตรง: ลิ้นจี่โซดา
[19/168] ตรง: กาแฟสด ลาเต้ เย็น 16 ออนซ์
[20/168] ตรง: 0% แคล ชาพีช
[21/168] ตรง: ชาอู่หลงน้ำผึ้งมะนาว
[23/168] ตรง: 0% แคล ชาองุ่น
[24/168] ตรง: นมสดเฮเซลนัท (เย็น/ปั่น)
[25/168] ตรง: กาแฟสด คาปูชิโน่ เย็น 16 ออนซ์
[15/168] ตรง: กาแฟสดโซดา เอสเปรสโซ่ลิ้นจี่ เย็น 16 ออน
[26/168] ตรง: ลาเต้ (เย็น/ปั่น)
[27/168] ตรง: 0% แคล ชาฟรุตพันช์
[29/168] ตรง: กาแฟสด เฮเซลนัทมอคค่าร้อน 12 ออนซ์
[28/168] ตรง: บุกบราวน์ชูการ์
[30/168] ตรง: ไข่มุก
[31/168] ตรง: กาแฟสด Cappuccino (คาปูชิโน่) ร้อน 12 ออ
[32/168] ตรง: ชาลิ้นจี่
[33/168] ตรง: กาแฟสดโซดา เอสเปรสโซ่มะม่วง เย็น 16 ออนซ
[34/168] ตรง: กาแฟสด กาแฟโบราณ เย็น 16 ออนซ์
[35/168] ตรง: เฉาก๊วยหนึบเนื้อแน่น
[36/168] ตรง: มะนาวโซดา
[37/168] ตรง: กาแฟสด มอคค่ามิ้นต์ร้อน
[38/168] ตรง: ชาบลูเบอร์รี่
[39/168] ตรง: มัทฉะครีมชีส (Matcha Cheese Tea)
[40/168] ตรง: กาแฟสด ลาเต้ (Latte) ร้อน 12 ออนซ์
[11/168] ตรง: กาแฟสด แฟลตไวท์ เย็น 16 ออนซ์
[41/168] ตรง: ชาพีชส้มยูสุ
[42/168] ตรง: มันไทยอบ ดั้งเดิม
[43/168] ตรง: มัทฉะเลม่อนเย็น (Matcha Lemon)
[44/168] ตรง: มัทฉะบราวน์ชูการ์ไข่มุก (Matcha Brown Su
[45/168] ตรง: มะม่วงปั่น แก้วใหญ่ 22 ออนซ์
[46/168] ตรง: ชานมเผือก (เย็น/ปั่น)
[47/168] ตรง: กาแฟสด มอคค่า เย็น 16 ออนซ์
[49/168] ตรง: 0% แคล โซดาแคนตาลูป
[50/168] ตรง: (สมูทตี้) มิกซ์เบอร์รี่ แก้วใหญ่ 22 ออนซ
[51/168] ตรง: กาแฟสด เอสเปรสโซ่ เย็น 16 ออนซ์
[53/168] ตรง: กาแฟสด บ๊วยเอสเปรสโซ่ เย็น 16 ออนซ์
[54/168] ตรง: 0% แคล โซดาลิ้นจี่
[55/168] ตรง: โกโก้สตรอว์เบอร์รี (เย็น/ปั่น)
[22/168] ไม่ตรง: ?
[56/168] ตรง: กาแฟสดโซดา เอสเปรสโซ่บลูฮาวาย เย็น 16 ออ
[57/168] ตรง: ชาไทย (เย็น/ปั่น)
[58/168] ตรง: ชามะนาว
[59/168] ตรง: (สมูทตี้) มันม่วง แก้วใหญ่ 22 ออนซ์
[60/168] ตรง: ซอสบราวน์ชูการ์
[61/168] ตรง: โกโก้มิ้นต์ (เย็น/ปั่น)
[62/168] ตรง: ปังมันม่วง อบสด โฮมเมด
[48/168] ตรง: ชาสตรอว์เบอร์รี
[65/168] ตรง: นมสดเผือก (เย็น/ปั่น)
[52/168] ตรง: ชานมมันม่วง
[66/168] ตรง: แดงโซดา
[67/168] ตรง: เสาวรสโซดา
[68/168] ตรง: ชานมใต้หวัน (เย็น/ปั่น)
[69/168] ตรง: ปังเนยกรอบอบไอน้ำ
[70/168] ตรง: 0% แคล โซดาฟรุตพันช์
[71/168] ตรง: โกปี๊อ้อ (โอเลี้ยง) (เย็น/ปั่น)
[72/168] ตรง: 0% แคล โซดาน้ำผึ้งมะนาว
[74/168] ตรง: นมสดคาราเมล (เย็น/ปั่น)
[75/168] ตรง: ชาจัสมินฝูเจี้ยน (เย็น/ปั่น) 16 oz
[63/168] ตรง: ชาไทยมันม่วง
[64/168] ตรง: กาแฟสด โอเลี้ยงเฮเซลนัท เย็น 16 ออนซ์
[76/168] ตรง: ชานมกาแฟ (เย็น/ปั่น)
[78/168] ตรง: วาฟเฟิลเบลเยียม โฮมเมด
[79/168] ตรง: กาแฟสด โอวัลตินช็อตกาแฟ เย็น 16 ออนซ์
[80/168] ตรง: บุกน้ำตาล
[81/168] ตรง: โอวัลติน (เย็น/ปั่น)
[82/168] ตรง: นมสดมันม่วง
[83/168] ตรง: นมมรกต (เย็น/ปั่น)
[85/168] ตรง: บลูเบอร์รี่โซดา
[86/168] ตรง: ชิโอปัง (Shio Pan) โฮมเมด ใหญ่ขึ้น
[73/168] ตรง: กาแฟสด โอเลี้ยง เย็น 16 ออนซ์
[88/168] ตรง: กาแฟสด อเมริกาโน่ เย็น 16 ออนซ์
[77/168] ไม่ตรง: ?
[90/168] ตรง: ชาแอปเปิ้ล
[91/168] ตรง: 0% แคล ชาน้ำผึ้ง
[84/168] ตรง: นมสดไข่มุกบราวน์ชูการ์ (เย็น/ปั่น)
[93/168] ตรง: กาแฟสดโซดา เอสเปรสโซ่บ๊วย เย็น 16 ออนซ์
[87/168] ตรง: กาแฟสด มอคค่า ร้อน 12 ออนซ์
[94/168] ตรง: 0% โคล่าโซดา
[92/168] ตรง: กาแฟสด เผือกลาเต้ร้อน
[97/168] ตรง: มิกซ์เบอร์รี่ปั่น แก้วใหญ่ 22 ออนซ์
[89/168] ตรง: (สมูทตี้) สตรอเบอร์รี่ แก้วใหญ่ 22 ออนซ์
[95/168] ตรง: ชาดำเย็น
[96/168] ตรง: เค้กกล้วยหอม โฮมเมด
[100/168] ตรง: ชานมไข่มุก (เย็น/ปั่น)
[99/168] ตรง: โกปี๊ ยกล้อ (ใส่นม) (เย็น/ปั่น)
[98/168] ตรง: ชาเสาวรส
[104/168] ตรง: บ๊วยโซดา
[103/168] ตรง: มอคค่า (เย็น/ปั่น)
[105/168] ตรง: โกโก้ (เย็น/ปั่น)
[106/168] ตรง: กาแฟสด น้ำผึ้งมะนาว เย็น 16 ออนซ์
[107/168] ตรง: มัทฉะมะพร้าวนม
[109/168] ตรง: ชานมชีส (เย็น/ปั่น)
[101/168] ตรง: กาแฟสด Espresso (เอสเปรสโซ่) ร้อน 12 ออน
[102/168] ตรง: น้ำเต้าหู้โกโก้ (เย็น/ปั่น)
[111/168] ตรง: ชาไทยชีส (เย็น/ปั่น)
[113/168] ตรง: เนสกาแฟ (เย็น/ปั่น)
[108/168] ตรง: แอปเปิ้ลโซดา
[115/168] ตรง: มัทฉะลาเต้ (Matcha Latte)
[110/168] ตรง: น้ำเต้าหู้โอวัลติน (เย็น/ปั่น)
[117/168] ตรง: ชาผลไม้รวม
[112/168] ตรง: ครีมซีส
[119/168] ตรง: นมสดน้ำผึ้ง (เย็น/ปั่น)
[114/168] ตรง: 0% แคล ชาน้ำผึ้งมะนาว
[121/168] ตรง: วุ้นว่านหางจระเข้ หั่นลูกเต๋า
[122/168] ตรง: (สมูทตี้) มะม่วง แก้วใหญ่ 22 ออนซ์
[116/168] ตรง: นมสดเย็น (เย็น/ปั่น)
[123/168] ตรง: กาแฟโบราณ บราวน์ชูการ์ (เย็น/ปั่น)
[125/168] ตรง: 0% แคล ชาสละ
[118/168] ตรง: เจลลี่ผลไม้
[127/168] ตรง: บลูฮาวายโซดา
[128/168] ตรง: 0% แคล โซดาองุ่น
[129/168] ตรง: นมร้อน 12 ออนซ์
[120/168] ตรง: น้ำเต้าหู้นมสด (เย็น/ปั่น)
[124/168] ตรง: 0% แคล ชาแคนตาลูป
[132/168] ตรง: น้ำเต้าหู้เผือก (เย็น/ปั่น)
[126/168] ตรง: กาแฟสด อเมริกาโน่ (Americano) ร้อน 12 ออ
[133/168] ตรง: 0% แคล โซดาน้ำผึ้ง
[130/168] ไม่ตรง: ?
[131/168] ไม่ตรง: ?
[136/168] ตรง: ช็อกโกแลตมิลค์ร้อน 12 ออนซ์
[135/168] ตรง: ชานมเฮเซลนัท (เย็น/ปั่น)
[134/168] ตรง: สตรอว์เบอร์รีโซดา
[139/168] เฉพาะหน้าร้าน — ไม่ควรขาย Grab: น้ำเปล่า
[140/168] ตรง: วุ้นกบไต้หวัน
[141/168] ตรง: (สมูทตี้) ส้ม แก้วใหญ่ 22 ออนซ์
[142/168] ตรง: ชาพีช
[143/168] ตรง: 0% แคล ชาลิ้นจี่
[144/168] ตรง: กาแฟสด เสาวรสเอสเปรสโซ่ เย็น 16 ออนซ์
[138/168] ตรง: 0% โคล่าโซดามะนาว
[137/168] ไม่ตรง: ?
[148/168] ตรง: กาแฟสดโซดา เอสเปรสโซ่เสาวรส เย็น 16 ออนซ
[146/168] ตรง: 0% แคล โซดาพีช
[150/168] ตรง: ชาเขียวมะลิ
[145/168] ไม่ตรง: ?
[151/168] ตรง: เพียวมัทฉะ (Pure Matcha)
[153/168] ตรง: ชาอู่หลงน้ำผึ้ง
[149/168] ตรง: น้ำผึ้งมะนาวโซดา
[155/168] ตรง: มัทฉะมะพร้าว
[147/168] ไม่ตรง: ?
[156/168] ตรง: ชานมคาราเมล (เย็น/ปั่น)
[157/168] ตรง: กาแฟสด บุกบราวน์ชูการ์ เย็น 16 ออนซ์
[158/168] ตรง: กาแฟสด Flat White (แฟลตไวท์) ร้อน 12 ออน
[159/168] ตรง: เขียวโซดา
[160/168] ตรง: โกปี๊ โบราณ (เย็น/ปั่น)
[161/168] ตรง: ชานมมิ้นต์ (เย็น/ปั่น)
[162/168] ตรง: บราวนี่โฮมเมด
[152/168] ตรง: กาแฟสด คาราเมลลาเต้ร้อน 12 ออนซ์
[154/168] ไม่ตรง: ?
[166/168] ตรง: กาแฟสด ลองแบล็ค เย็น 16 ออนซ์
[167/168] ตรง: ชาอู่หลงเย็น
[165/168] ตรง: 0% แคล ชามะลิ
[168/168] ตรง: กาแฟสด โกโก้มอคค่าร้อน
[163/168] ตรง: นมชมพู (เย็น/ปั่น)
[164/168] ไม่ตรง: ?

Done 419s · ตรง POS 158/168 · ไม่ตรง 9 · น้ำเปล่าบน Grab 1
→ /Users/peerapongyohaken/TellTea/scripts/data/menu-price-baseline/grab-name-verify.json
