=== Grab price ×3 APPLY (target=Shopee, no 15% cap) ===
Queue: 133
[2/133] skip_at_target: ปังเนยกรอบอบไอน้ำ 25→25 (เป้า25)
[1/133] blocked_menu_ui: (สมูทตี้) มันม่วง แก้วใหญ่ 22 ออนซ์ 65→65 (เป้า65)
[3/133] blocked_menu_ui: Ice Cream To-Go แก้วใหญ่ 16oz (แถมถุ 43→35 (เป้า35)
[4/133] error: กาแฟสด มอคค่า เย็น 16 ออนซ์ 58→50 (เป้า50)
[5/133] blocked_menu_ui: 0% แคล ชาพีช 30→30 (เป้า30)
[6/133] reached_target: 0% แคล ชาองุ่น 37→30 (เป้า30)
[7/133] reached_target: 0% แคล ชาฟรุตพันช์ 37→30 (เป้า30)
[9/133] reached_target: ชาบลูเบอร์รี่ 37→30 (เป้า30)
[10/133] reached_target: ชาพีชส้มยูสุ 82→75 (เป้า75)
[8/133] partial: ชาลิ้นจี่ 37→30 (เป้า30)
[11/133] reached_target: ชาสตรอว์เบอร์รี 37→30 (เป้า30)
[12/133] blocked_menu_ui: 0% แคล โซดาแคนตาลูป 37→30 (เป้า30)
[13/133] blocked_menu_ui: 0% แคล โซดาลิ้นจี่ 37→30 (เป้า30)
[14/133] reached_target: แดงโซดา 37→30 (เป้า30)
[15/133] blocked_menu_ui: เสาวรสโซดา 37→30 (เป้า30)
[16/133] reached_target: ชานมใต้หวัน (เย็น/ปั่น) 37→30 (เป้า30)
[17/133] blocked_menu_ui: 0% แคล โซดาฟรุตพันช์ 37→30 (เป้า30)
[18/133] reached_target: โกปี๊อ้อ (โอเลี้ยง) (เย็น/ปั่น) 37→30 (เป้า30)
[19/133] blocked_menu_ui: 0% แคล โซดาน้ำผึ้งมะนาว 37→30 (เป้า30)
[21/133] blocked_menu_ui: ชิโอปัง (Shio Pan) โฮมเมด ใหญ่ขึ้น 37→30 (เป้า30)
[22/133] blocked_menu_ui: ชาแอปเปิ้ล 37→30 (เป้า30)
[20/133] reached_target: บลูเบอร์รี่โซดา 37→30 (เป้า30)
[24/133] blocked_menu_ui: ชาดำเย็น 37→30 (เป้า30)
[23/133] reached_target: 0% แคล ชาน้ำผึ้ง 37→30 (เป้า30)
[25/133] blocked_menu_ui: ชาเสาวรส 37→30 (เป้า30)
[26/133] reached_target: แอปเปิ้ลโซดา 37→30 (เป้า30)
[27/133] reached_target: 0% แคล ชาน้ำผึ้งมะนาว 37→30 (เป้า30)
[28/133] reached_target: 0% แคล ชาแคนตาลูป 37→30 (เป้า30)
[29/133] reached_target: 0% แคล ชาสละ 37→30 (เป้า30)
[30/133] reached_target: บลูฮาวายโซดา 37→30 (เป้า30)
[31/133] blocked_menu_ui: 0% แคล โซดาองุ่น 37→30 (เป้า30)
[32/133] blocked_menu_ui: 0% แคล โซดาน้ำผึ้ง 37→30 (เป้า30)
[33/133] blocked_menu_ui: สตรอว์เบอร์รีโซดา 37→30 (เป้า30)
[34/133] blocked_menu_ui: 0% แคล ชาลิ้นจี่ 37→30 (เป้า30)
[35/133] blocked_menu_ui: 0% แคล โซดาพีช 37→30 (เป้า30)
[36/133] blocked_menu_ui: ชาเขียวมะลิ 37→30 (เป้า30)
[37/133] reached_target: เขียวโซดา 37→30 (เป้า30)
[38/133] reached_target: 0% แคล ชามะลิ 37→30 (เป้า30)
[39/133] reached_target: ชาอู่หลงเย็น 37→30 (เป้า30)
[40/133] reached_target: น้ำเต้าหู้สูตรดั้งเดิม (เย็น/ปั่น) 43→40 (เป้า40)
[41/133] reached_target: ส้มปั่น แก้วใหญ่ 22 ออนซ์ 58→55 (เป้า55)
[42/133] reached_target: ไมโล (เย็น/ปั่น) 43→40 (เป้า40)
[43/133] blocked_menu_ui: ชาอู่หลงน้ำผึ้งมะนาว 43→40 (เป้า40)
[45/133] blocked_menu_ui: บุกบราวน์ชูการ์ 18→15 (เป้า15)
[46/133] blocked_menu_ui: ไข่มุก 11→8 (เป้า8)
[44/133] error: นมสดเฮเซลนัท (เย็น/ปั่น) 58→55 (เป้า55)
[47/133] blocked_menu_ui: เฉาก๊วยหนึบเนื้อแน่น 18→15 (เป้า15)
[48/133] blocked_menu_ui: มะนาวโซดา 43→40 (เป้า40)
[49/133] reached_target: มะม่วงปั่น แก้วใหญ่ 22 ออนซ์ 58→55 (เป้า55)
[51/133] blocked_menu_ui: ชาไทย (เย็น/ปั่น) 43→40 (เป้า40)
[50/133] reached_target: โกโก้สตรอว์เบอร์รี (เย็น/ปั่น) 58→55 (เป้า55)
[53/133] blocked_menu_ui: โกโก้มิ้นต์ (เย็น/ปั่น) 58→55 (เป้า55)
[52/133] reached_target: ชามะนาว 43→40 (เป้า40)
[54/133] reached_target: นมสดเผือก (เย็น/ปั่น) 58→55 (เป้า55)
[55/133] blocked_menu_ui: นมสดคาราเมล (เย็น/ปั่น) 58→55 (เป้า55)
[57/133] blocked_menu_ui: นมสดมิ้นต์ (เย็น/ปั่น) 58→55 (เป้า55)
[56/133] reached_target: ชานมกาแฟ (เย็น/ปั่น) 43→40 (เป้า40)
[58/133] blocked_menu_ui: บุกน้ำตาล 18→15 (เป้า15)
[59/133] reached_target: โอวัลติน (เย็น/ปั่น) 43→40 (เป้า40)
[61/133] error: ชานมไข่มุก (เย็น/ปั่น) 43→40 (เป้า40)
[62/133] blocked_menu_ui: น้ำเต้าหู้โกโก้ (เย็น/ปั่น) 43→40 (เป้า40)
[60/133] reached_target: โกปี๊ ยกล้อ (ใส่นม) (เย็น/ปั่น) 43→40 (เป้า40)
[64/133] blocked_menu_ui: โกโก้ (เย็น/ปั่น) 43→40 (เป้า40)
[63/133] error: บ๊วยโซดา 43→40 (เป้า40)
[65/133] blocked_menu_ui: น้ำเต้าหู้โอวัลติน (เย็น/ปั่น) 43→40 (เป้า40)
[66/133] blocked_menu_ui: เนสกาแฟ (เย็น/ปั่น) 43→40 (เป้า40)
[68/133] blocked_menu_ui: เจลลี่ผลไม้ 11→8 (เป้า8)
[67/133] reached_target: นมสดเย็น (เย็น/ปั่น) 43→40 (เป้า40)
[69/133] blocked_menu_ui: นมสดน้ำผึ้ง (เย็น/ปั่น) 58→55 (เป้า55)
[71/133] reached_target: น้ำเต้าหู้เผือก (เย็น/ปั่น) 58→55 (เป้า55)
[70/133] reached_target: น้ำเต้าหู้นมสด (เย็น/ปั่น) 43→40 (เป้า40)
[72/133] error: ชาเขียวนม (เย็น/ปั่น) 43→40 (เป้า40)
[73/133] blocked_menu_ui: กาแฟสดโซดา เอสเปรสโซ่เสาวรส เย็น 16  43→40 (เป้า40)
[74/133] reached_target: ชาอู่หลงน้ำผึ้ง 43→40 (เป้า40)
[75/133] blocked_menu_ui: โกปี๊ โบราณ (เย็น/ปั่น) 43→40 (เป้า40)
[76/133] blocked_menu_ui: บุกน้ำผึ้ง 18→15 (เป้า15)
[77/133] blocked_menu_ui: กาแฟสด เอสเปรสโซ่ไทยสไตล์ เย็น 16 ออ 52→50 (เป้า50)
[78/133] blocked_menu_ui: แดงมะนาวโซดา 52→50 (เป้า50)
[79/133] reached_target: สตรอเบอร์รี่ปั่น แก้วใหญ่ 22 ออนซ์ 52→50 (เป้า50)
[80/133] blocked_menu_ui: ช็อกโกแลตมิลค์ เย็น 16 ออนซ์ 52→50 (เป้า50)
[81/133] blocked_menu_ui: ชานมไข่มุกบราวน์ชูการ์ (เย็น/ปั่น) 67→65 (เป้า65)
[82/133] blocked_menu_ui: กาแฟสด คาราเมลมัคคิอาโต้ เย็น 16 ออน 67→65 (เป้า65)
[84/133] reached_target: เขียวมะนาวโซดา 52→50 (เป้า50)
[83/133] error: โกโก้ลาวาช็อกขูด (เย็น/ปั่น) 73→75 (เป้า75)
[85/133] error: ลาเต้ (เย็น/ปั่น) 52→50 (เป้า50)
[86/133] blocked_menu_ui: กาแฟสด กาแฟโบราณ เย็น 16 ออนซ์ 52→50 (เป้า50)
[87/133] reached_target: มัทฉะครีมชีส (Matcha Cheese Tea) 82→80 (เป้า80)
[89/133] blocked_menu_ui: มัทฉะเลม่อนเย็น (Matcha Lemon) 58→60 (เป้า60)
[88/133] error: มันไทยอบ ดั้งเดิม 23→25 (เป้า25)
[90/133] reached_target: มัทฉะบราวน์ชูการ์ไข่มุก (Matcha Brow 73→75 (เป้า75)
[92/133] blocked_menu_ui: (สมูทตี้) มิกซ์เบอร์รี่ แก้วใหญ่ 22  87→85 (เป้า85)
[91/133] error: ชานมเผือก (เย็น/ปั่น) 52→50 (เป้า50)
[93/133] blocked_menu_ui: ชานมมันม่วง 67→65 (เป้า65)
[94/133] blocked_menu_ui: ปังมันม่วง อบสด โฮมเมด 37→35 (เป้า35)
[96/133] error: กาแฟสด โอเลี้ยงเฮเซลนัท เย็น 16 ออนซ 52→50 (เป้า50)
[95/133] reached_target: ชาไทยมันม่วง 67→65 (เป้า65)
[97/133] error: กาแฟสด โอเลี้ยง เย็น 16 ออนซ์ 52→50 (เป้า50)
[98/133] blocked_menu_ui: ชาจัสมินฝูเจี้ยน (เย็น/ปั่น) 16 oz 52→50 (เป้า50)
[99/133] reached_target: วาฟเฟิลเบลเยียม โฮมเมด 23→25 (เป้า25)
[100/133] blocked_menu_ui: กาแฟสด โอวัลตินช็อตกาแฟ เย็น 16 ออนซ 52→50 (เป้า50)
[101/133] reached_target: นมสดมันม่วง 67→65 (เป้า65)
[103/133] reached_target: นมสดไข่มุกบราวน์ชูการ์ (เย็น/ปั่น) 73→75 (เป้า75)
[102/133] reached_target: นมมรกต (เย็น/ปั่น) 52→50 (เป้า50)
[104/133] error: (สมูทตี้) สตรอเบอร์รี่ แก้วใหญ่ 22 อ 67→65 (เป้า65)
[106/133] reached_target: มิกซ์เบอร์รี่ปั่น แก้วใหญ่ 22 ออนซ์ 73→75 (เป้า75)
[105/133] reached_target: เค้กกล้วยหอม โฮมเมด 23→25 (เป้า25)
[107/133] error: มอคค่า (เย็น/ปั่น) 52→50 (เป้า50)
[108/133] blocked_menu_ui: กาแฟสด น้ำผึ้งมะนาว เย็น 16 ออนซ์ 52→50 (เป้า50)
[109/133] reached_target: มัทฉะมะพร้าวนม 73→75 (เป้า75)
[110/133] reached_target: ชานมชีส (เย็น/ปั่น) 67→65 (เป้า65)
[111/133] reached_target: ชาไทยชีส (เย็น/ปั่น) 73→75 (เป้า75)
[113/133] blocked_menu_ui: มัทฉะลาเต้ (Matcha Latte) 67→65 (เป้า65)
[112/133] error: ครีมซีส 37→35 (เป้า35)
[115/133] blocked_menu_ui: (สมูทตี้) มะม่วง แก้วใหญ่ 22 ออนซ์ 87→85 (เป้า85)
[114/133] reached_target: ชาผลไม้รวม 67→65 (เป้า65)
[116/133] reached_target: กาแฟโบราณ บราวน์ชูการ์ (เย็น/ปั่น) 67→65 (เป้า65)
[117/133] blocked_menu_ui: ชามิกซ์เบอร์รี่ 67→65 (เป้า65)
[118/133] blocked_menu_ui: กาแฟสด ช็อกโกแลตเอสเปรสโซ่ เย็น 16 อ 52→50 (เป้า50)
[120/133] blocked_menu_ui: (สมูทตี้) ส้ม แก้วใหญ่ 22 ออนซ์ 82→80 (เป้า80)
[119/133] reached_target: ชานมเฮเซลนัท (เย็น/ปั่น) 52→50 (เป้า50)
[121/133] error: ชาพีช 67→65 (เป้า65)
[122/133] reached_target: ชาส้มยูสุ 67→65 (เป้า65)
[123/133] blocked_menu_ui: น้ำผึ้งมะนาวโซดา 52→50 (เป้า50)
[124/133] reached_target: เพียวมัทฉะ (Pure Matcha) 52→50 (เป้า50)
[125/133] reached_target: มัทฉะมะพร้าว 73→75 (เป้า75)
[126/133] blocked_menu_ui: ชานมคาราเมล (เย็น/ปั่น) 52→50 (เป้า50)
[127/133] blocked_menu_ui: ชานมมิ้นต์ (เย็น/ปั่น) 52→50 (เป้า50)
[128/133] blocked_menu_ui: บราวนี่โฮมเมด 23→25 (เป้า25)
[129/133] blocked_menu_ui: นมชมพู (เย็น/ปั่น) 52→50 (เป้า50)
[130/133] blocked_menu_ui: ซอฟต์คุกกี้ โฮมเมด (เลือกได้) 26→25 (เป้า25)
[131/133] blocked_menu_ui: ซอสบราวน์ชูการ์ 26→25 (เป้า25)
[132/133] error: วุ้นว่านหางจระเข้ หั่นลูกเต๋า 26→25 (เป้า25)
[133/133] error: วุ้นกบไต้หวัน 11→10 (เป้า10)

Done in 921s · changed 53 · ถึงเป้า 53 · blocked 0 · no_change 0
→ /Users/peerapongyohaken/TellTea/scripts/data/menu-price-baseline/grab-update-log.json
→ /Users/peerapongyohaken/TellTea/scripts/data/menu-price-baseline/grab-price-tracker.json
