=== Shopee scan ×6 tabs — 149 items ===
[1/149] ปังมันม่วง อบสด โฮมเมด → ฿36
[2/149] ชิโอปัง (Shio Pan) โฮมเมด ใหญ่ขึ้น → ฿36
[3/149] มันไทยอบ ดั้งเดิม → ฿22
[4/149] วาฟเฟิลเบลเยียม โฮมเมด → ฿22
[5/149] ซอฟต์คุกกี้ โฮมเมด (เลือกได้) → ฿25
[6/149] เค้กกล้วยหอม โฮมเมด → ฿22
[7/149] บราวนี่โฮมเมด → ฿22
[8/149] ปังเนยกรอบอบไอน้ำ → ฿36
[9/149] Ice Cream To-Go แก้วใหญ่ 16oz (แถมถุงเย็น) → ฿42
[10/149] ชานมไข่มุก (เย็น/ปั่น) → NOT FOUND
[11/149] ชานมไข่มุกบราวน์ชูการ์ (เย็น/ปั่น) → NOT FOUND
[12/149] โกโก้สตรอว์เบอร์รี (เย็น/ปั่น) → NOT FOUND
[13/149] ชาไทยชีส (เย็น/ปั่น) → NOT FOUND
[14/149] โกโก้มิ้นต์ (เย็น/ปั่น) → NOT FOUND
[15/149] กาแฟโบราณ บราวน์ชูการ์ (เย็น/ปั่น) → NOT FOUND
[16/149] ชาเขียวนม (เย็น/ปั่น) → NOT FOUND
[17/149] โกโก้ (เย็น/ปั่น) → NOT FOUND
[18/149] โกโก้ลาวาช็อกขูด (เย็น/ปั่น) → NOT FOUND
[19/149] ชานมชีส (เย็น/ปั่น) → NOT FOUND
[20/149] ชาจัสมินฝูเจี้ยน (เย็น/ปั่น) 16 oz → NOT FOUND
[21/149] ชาอู่หลงเย็น → NOT FOUND
[22/149] ชาอู่หลงน้ำผึ้ง → NOT FOUND
[23/149] ชาอู่หลงน้ำผึ้งมะนาว → NOT FOUND
[24/149] ชาดำเย็น → NOT FOUND
[25/149] ชาเขียวมะลิ → NOT FOUND
[26/149] ชาสตรอว์เบอร์รี → NOT FOUND
[27/149] ชาลิ้นจี่ → NOT FOUND
[28/149] ชามะนาว → NOT FOUND
[29/149] ชาแอปเปิ้ล → NOT FOUND
[30/149] ชาเสาวรส → NOT FOUND
[31/149] ชาบลูเบอร์รี่ → NOT FOUND
[32/149] มัทฉะลาเต้ (Matcha Latte) → NOT FOUND
[33/149] มัทฉะครีมชีส (Matcha Cheese Tea) → NOT FOUND
[34/149] เพียวมัทฉะ (Pure Matcha) → NOT FOUND
[35/149] มัทฉะบราวน์ชูการ์ไข่มุก (Matcha Brown Suga → NOT FOUND
[36/149] มัทฉะมะพร้าว → NOT FOUND
[37/149] มัทฉะมะพร้าวนม → NOT FOUND
[38/149] มัทฉะเลม่อนเย็น (Matcha Lemon) → NOT FOUND
[39/149] ชานมใต้หวัน (เย็น/ปั่น) → NOT FOUND
[40/149] ชาไทย (เย็น/ปั่น) → NOT FOUND
[41/149] ชานมเฮเซลนัท (เย็น/ปั่น) → NOT FOUND
[42/149] ชานมกาแฟ (เย็น/ปั่น) → NOT FOUND
[43/149] ชานมคาราเมล (เย็น/ปั่น) → NOT FOUND
[44/149] ชานมมิ้นต์ (เย็น/ปั่น) → NOT FOUND
[45/149] ชานมเผือก (เย็น/ปั่น) → NOT FOUND
[46/149] ชาไทยมันม่วง → NOT FOUND
[47/149] ชานมมันม่วง → NOT FOUND
[48/149] ชาส้มยูสุ → NOT FOUND
[49/149] ชาพีช → NOT FOUND
[50/149] ชาผลไม้รวม → NOT FOUND
[51/149] ชามิกซ์เบอร์รี่ → NOT FOUND
[52/149] ชาพีชส้มยูสุ → NOT FOUND
[53/149] สตรอเบอร์รี่ปั่น แก้วใหญ่ 22 ออนซ์ → NOT FOUND
[54/149] (สมูทตี้) สตรอเบอร์รี่ แก้วใหญ่ 22 ออนซ์ → NOT FOUND
[55/149] มิกซ์เบอร์รี่ปั่น แก้วใหญ่ 22 ออนซ์ → NOT FOUND
[56/149] (สมูทตี้) มิกซ์เบอร์รี่ แก้วใหญ่ 22 ออนซ์ → NOT FOUND
[57/149] ส้มปั่น แก้วใหญ่ 22 ออนซ์ → NOT FOUND
[58/149] (สมูทตี้) ส้ม แก้วใหญ่ 22 ออนซ์ → NOT FOUND
[59/149] มะม่วงปั่น แก้วใหญ่ 22 ออนซ์ → NOT FOUND
[60/149] (สมูทตี้) มะม่วง แก้วใหญ่ 22 ออนซ์ → NOT FOUND
[61/149] (สมูทตี้) มันม่วง แก้วใหญ่ 22 ออนซ์ → NOT FOUND
[62/149] โอวัลติน (เย็น/ปั่น) → NOT FOUND
[63/149] นมสดเย็น (เย็น/ปั่น) → NOT FOUND
[64/149] นมสดน้ำผึ้ง (เย็น/ปั่น) → NOT FOUND
[65/149] นมสดคาราเมล (เย็น/ปั่น) → NOT FOUND
[66/149] นมมรกต (เย็น/ปั่น) → NOT FOUND
[67/149] นมสดเผือก (เย็น/ปั่น) → NOT FOUND
[68/149] นมสดมิ้นต์ (เย็น/ปั่น) → NOT FOUND
[69/149] ไมโล (เย็น/ปั่น) → NOT FOUND
[70/149] นมสดไข่มุกบราวน์ชูการ์ (เย็น/ปั่น) → NOT FOUND
[71/149] นมสดเฮเซลนัท (เย็น/ปั่น) → NOT FOUND
[72/149] นมชมพู (เย็น/ปั่น) → NOT FOUND
[73/149] นมสดมันม่วง → NOT FOUND
[74/149] น้ำเต้าหู้สูตรดั้งเดิม (เย็น/ปั่น) → NOT FOUND
[75/149] น้ำเต้าหู้นมสด (เย็น/ปั่น) → NOT FOUND
[76/149] น้ำเต้าหู้โอวัลติน (เย็น/ปั่น) → NOT FOUND
[77/149] น้ำเต้าหู้เผือก (เย็น/ปั่น) → NOT FOUND
[78/149] น้ำเต้าหู้โกโก้ (เย็น/ปั่น) → NOT FOUND
[79/149] โกปี๊อ้อ  (โอเลี้ยง) (เย็น/ปั่น) → NOT FOUND
[80/149] โกปี๊ ยกล้อ  (โอเลี้ยง ใส่นม) (เย็น/ปั่น) → NOT FOUND
[81/149] โกปี๊ โบราณ (เย็น/ปั่น) → NOT FOUND
[82/149] เนสกาแฟ (เย็น/ปั่น) → NOT FOUND
[83/149] มอคค่า (เย็น/ปั่น) → NOT FOUND
[84/149] ลาเต้ (เย็น/ปั่น) → NOT FOUND
[85/149] แดงโซดา → NOT FOUND
[86/149] เขียวโซดา → NOT FOUND
[87/149] น้ำผึ้งมะนาวโซดา → NOT FOUND
[88/149] แดงมะนาวโซดา → NOT FOUND
[89/149] เขียวมะนาวโซดา → NOT FOUND
[90/149] บ๊วยโซดา → NOT FOUND
[91/149] มะนาวโซดา → NOT FOUND
[92/149] สตรอว์เบอร์รีโซดา → NOT FOUND
[93/149] เสาวรสโซดา → NOT FOUND
[94/149] ลิ้นจี่โซดา → NOT FOUND
[95/149] บลูเบอร์รี่โซดา → NOT FOUND
[96/149] แอปเปิ้ลโซดา → NOT FOUND
[97/149] บลูฮาวายโซดา → NOT FOUND
[98/149] 0% แคล ชาลิ้นจี่ → NOT FOUND
[99/149] 0% แคล ชาสละ → NOT FOUND
[100/149] 0% แคล ชาองุ่น → NOT FOUND
[101/149] 0% แคล ชาพีช → NOT FOUND
[102/149] 0% แคล ชาน้ำผึ้ง → NOT FOUND
[103/149] 0% แคล ชาน้ำผึ้งมะนาว → NOT FOUND
[104/149] 0% แคล ชาแคนตาลูป → NOT FOUND
[105/149] 0% แคล ชาฟรุตพันช์ → NOT FOUND
[106/149] 0% แคล ชามะลิ → NOT FOUND
[107/149] 0% แคล โซดาลิ้นจี่ → NOT FOUND
[108/149] 0% แคล โซดาน้ำผึ้ง → NOT FOUND
[109/149] 0% แคล โซดาน้ำผึ้งมะนาว → NOT FOUND
[110/149] 0% แคล โซดาองุ่น → NOT FOUND
[111/149] 0% แคล โซดาแคนตาลูป → NOT FOUND
[112/149] 0% แคล โซดาพีช → NOT FOUND
[113/149] 0% แคล โซดาฟรุตพันช์ → NOT FOUND
[114/149] กาแฟสด อเมริกาโน่ (Americano) เย็น 16 ออนซ → NOT FOUND
[115/149] กาแฟสด เอสเปรสโซ่ เย็น 16 ออนซ์ → NOT FOUND
[116/149] กาแฟสด Long Black (ลองแบล็ค) เย็น 16 ออนซ์ → NOT FOUND
[117/149] กาแฟสด เอสเปรสโซ่ไทยสไตล์ เย็น 16 ออนซ์ → NOT FOUND
[118/149] กาแฟสด โอเลี้ยง เย็น 16 ออนซ์ → NOT FOUND
[119/149] กาแฟสด กาแฟโบราณ เย็น 16 ออนซ์ → NOT FOUND
[120/149] กาแฟสด โอเลี้ยงเฮเซลนัท เย็น 16 ออนซ์ → NOT FOUND
[121/149] กาแฟสด มอคค่า เย็น 16 ออนซ์ → NOT FOUND
[122/149] กาแฟสด ลาเต้ (Latte) เย็น 16 ออนซ์ → NOT FOUND
[123/149] กาแฟสด คาปูชิโน่ (Cappuccino) เย็น  16 ออน → NOT FOUND
[124/149] กาแฟสด แฟลตไวท์ (Flat White) เย็น 16 ออนซ์ → NOT FOUND
[125/149] กาแฟสด มอคค่า เย็น 16 ออนซ์ → NOT FOUND
[126/149] กาแฟสด คาราเมลมัคคิอาโต้ เย็น 16 ออนซ์ → NOT FOUND
[127/149] ช็อกโกแลตมิลค์ เย็น 16 ออนซ์ → NOT FOUND
[128/149] กาแฟสด ช็อกโกแลตเอสเปรสโซ่ เย็น 16 ออนซ์ → NOT FOUND
[129/149] กาแฟสด โอวัลตินช็อตกาแฟ เย็น 16 ออนซ์ → NOT FOUND
[130/149] กาแฟสด น้ำผึ้งมะนาว เย็น 16 ออนซ์ → NOT FOUND
[131/149] กาแฟสดโซดา เอสเปรสโซ่เสาวรส เย็น 16 ออนซ์ → NOT FOUND
[132/149] กาแฟสด อเมริกาโน่ (Americano) ร้อน → NOT FOUND
[133/149] กาแฟสด Espresso (เอสเปรสโซ่) ร้อน → NOT FOUND
[134/149] กาแฟสด ลาเต้ (Latte) ร้อน → NOT FOUND
[135/149] กาแฟสด คาปูชิโน่ (Cappuccino) ร้อน → NOT FOUND
[136/149] กาแฟสด มอคค่า ร้อน → NOT FOUND
[137/149] นมร้อน → NOT FOUND
[138/149] กาแฟสด คาราเมลลาเต้ร้อน → NOT FOUND
[139/149] เจลลี่ผลไม้ → NOT FOUND
[140/149] ไข่มุก → NOT FOUND
[141/149] เฉาก๊วยหนึบเนื้อแน่น → NOT FOUND
[142/149] บุกบราวน์ชูการ์ → NOT FOUND
[143/149] บุกน้ำผึ้ง → NOT FOUND
[144/149] บุกน้ำตาล → NOT FOUND
[145/149] ซอสบราวน์ชูการ์ → NOT FOUND
[146/149] ครีมชีส → NOT FOUND
[147/149] วุ้นกบไต้หวัน → NOT FOUND
[148/149] วุ้นว่านหางจระเข้ หั่นลูกเต๋า → NOT FOUND
[149/149] น้ำเปล่า → NOT FOUND

OK 9/149 in 108s → /Users/peerapongyohaken/TellTea/scripts/data/menu-price-baseline/shopee-live-scan.json
Dish ID cache → /Users/peerapongyohaken/TellTea/scripts/data/menu-price-baseline/shopee-dish-ids.json
